<div>
<img class="" src="{% static 'computer-studying-turing-test.png' %}" title="Lipsum" />
</div>
