<div>
<img class="left-align" src="http://placehold.it/350x150" title="This is hover text" />
<p>Placeholder image</p>
<p><a href="https://placehold.it/">Source</a></p>
</div>
