<img src="https://www.example.com/images/apple.png" />
